[0.009s][info][gc] Using G1
[45.216s][info][gc] GC(0) Pause Young (Normal) (G1 Evacuation Pause) 23M->4M(100M) 22.308ms
[77.780s][info][gc] GC(1) Pause Young (Normal) (G1 Evacuation Pause) 38M->10M(100M) 20.814ms
[77.866s][info][gc] GC(2) Pause Young (Normal) (G1 Evacuation Pause) 66M->26M(100M) 20.833ms
[77.907s][info][gc] GC(3) Pause Young (Normal) (G1 Evacuation Pause) 64M->38M(100M) 19.277ms
[77.937s][info][gc] GC(4) Pause Young (Normal) (G1 Evacuation Pause) 70M->49M(100M) 12.121ms
[77.954s][info][gc] GC(5) Pause Young (Concurrent Start) (G1 Evacuation Pause) 72M->56M(100M) 8.984ms
[77.955s][info][gc] GC(6) Concurrent Mark Cycle
[77.969s][info][gc] GC(7) Pause Young (Normal) (G1 Evacuation Pause) 75M->62M(100M) 6.487ms
[77.983s][info][gc] GC(8) Pause Young (Normal) (G1 Evacuation Pause) 80M->70M(100M) 6.113ms
[77.991s][info][gc] GC(9) Pause Young (Normal) (G1 Evacuation Pause) 80M->73M(100M) 3.864ms
[77.999s][info][gc] GC(10) Pause Young (Normal) (G1 Evacuation Pause) 81M->76M(100M) 3.333ms
[78.015s][info][gc] GC(6) Pause Remark 77M->75M(100M) 13.979ms
[78.021s][info][gc] GC(11) Pause Young (Normal) (G1 Evacuation Pause) 80M->76M(100M) 2.825ms
[78.031s][info][gc] GC(12) Pause Young (Normal) (G1 Evacuation Pause) 82M->78M(100M) 2.367ms
[78.038s][info][gc] GC(13) Pause Young (Normal) (G1 Evacuation Pause) 83M->80M(100M) 2.161ms
[78.044s][info][gc] GC(14) Pause Young (Normal) (G1 Evacuation Pause) 84M->81M(100M) 1.784ms
[78.049s][info][gc] GC(15) Pause Young (Normal) (G1 Evacuation Pause) 85M->82M(100M) 1.678ms
[78.051s][info][gc] GC(6) Pause Cleanup 85M->85M(100M) 0.035ms
[78.052s][info][gc] GC(6) Concurrent Mark Cycle 96.711ms
[78.054s][info][gc] GC(16) Pause Young (Normal) (G1 Evacuation Pause) 86M->84M(100M) 1.841ms
[78.058s][info][gc] GC(17) Pause Young (Concurrent Start) (G1 Evacuation Pause) 88M->85M(100M) 1.704ms
[78.058s][info][gc] GC(18) Concurrent Mark Cycle
[78.062s][info][gc] GC(19) Pause Young (Normal) (G1 Evacuation Pause) 89M->86M(100M) 1.718ms
[78.067s][info][gc] GC(20) Pause Young (Normal) (G1 Evacuation Pause) 90M->87M(100M) 1.523ms
[78.072s][info][gc] GC(21) Pause Young (Normal) (G1 Evacuation Pause) 91M->89M(100M) 1.733ms
[78.076s][info][gc] GC(22) Pause Young (Normal) (G1 Evacuation Pause) 93M->90M(100M) 1.725ms
[78.082s][info][gc] GC(23) Pause Young (Normal) (G1 Evacuation Pause) 94M->91M(100M) 1.784ms
[78.087s][info][gc] GC(24) Pause Young (Normal) (G1 Preventive Collection) 95M->93M(100M) 1.497ms
[78.091s][info][gc] GC(25) Pause Young (Normal) (G1 Preventive Collection) 95M->93M(100M) 1.391ms
[78.095s][info][gc] GC(26) Pause Young (Normal) (G1 Preventive Collection) 95M->94M(100M) 1.179ms
[78.097s][info][gc] GC(27) Pause Young (Normal) (G1 Humongous Allocation) 94M->94M(100M) 0.685ms
[78.182s][info][gc] GC(28) Pause Full (G1 Compaction Pause) 94M->85M(100M) 84.784ms
[78.183s][info][gc] GC(18) Concurrent Mark Cycle 124.808ms
[78.191s][info][gc] GC(29) Pause Young (Normal) (G1 Evacuation Pause) 94M->91M(100M) 1.749ms
[78.194s][info][gc] GC(30) Pause Young (Concurrent Start) (G1 Preventive Collection) 94M->92M(100M) 1.510ms
[78.194s][info][gc] GC(31) Concurrent Mark Cycle
[78.198s][info][gc] GC(32) Pause Young (Normal) (G1 Preventive Collection) 94M->92M(100M) 1.202ms
[78.201s][info][gc] GC(33) Pause Young (Normal) (G1 Preventive Collection) 94M->93M(100M) 1.026ms
[78.206s][info][gc] GC(34) Pause Young (Normal) (G1 Preventive Collection) 94M->93M(100M) 0.878ms
[78.210s][info][gc] GC(35) Pause Young (Normal) (G1 Preventive Collection) 95M->94M(100M) 0.898ms
[78.212s][info][gc] GC(36) Pause Young (Normal) (G1 Preventive Collection) 95M->94M(100M) 0.987ms
[78.214s][info][gc] GC(37) Pause Young (Normal) (G1 Preventive Collection) 95M->94M(100M) 0.724ms
[78.217s][info][gc] GC(38) Pause Young (Normal) (G1 Preventive Collection) 95M->95M(100M) 0.805ms
[78.221s][info][gc] GC(39) To-space exhausted
[78.221s][info][gc] GC(39) Pause Young (Normal) (G1 Preventive Collection) 96M->96M(100M) 1.320ms
[78.224s][info][gc] GC(40) To-space exhausted
[78.224s][info][gc] GC(40) Pause Young (Normal) (G1 Evacuation Pause) 97M->97M(100M) 1.856ms
[78.302s][info][gc] GC(41) Pause Full (G1 Compaction Pause) 97M->92M(100M) 77.968ms
[78.302s][info][gc] GC(31) Concurrent Mark Cycle 107.862ms
[78.310s][info][gc] GC(42) Pause Young (Normal) (G1 Preventive Collection) 95M->93M(100M) 1.016ms
[78.315s][info][gc] GC(43) Pause Young (Concurrent Start) (G1 Preventive Collection) 95M->94M(100M) 1.590ms
[78.315s][info][gc] GC(44) Concurrent Mark Cycle
[78.317s][info][gc] GC(45) Pause Young (Normal) (G1 Preventive Collection) 95M->94M(100M) 0.715ms
[78.320s][info][gc] GC(46) Pause Young (Normal) (G1 Preventive Collection) 95M->94M(100M) 0.757ms
[78.322s][info][gc] GC(47) Pause Young (Normal) (G1 Preventive Collection) 95M->94M(100M) 0.787ms
[78.326s][info][gc] GC(48) To-space exhausted
[78.326s][info][gc] GC(48) Pause Young (Normal) (G1 Preventive Collection) 95M->95M(100M) 1.194ms
[78.329s][info][gc] GC(49) To-space exhausted
[78.329s][info][gc] GC(49) Pause Young (Normal) (G1 Evacuation Pause) 96M->96M(100M) 1.562ms
[78.409s][info][gc] GC(50) Pause Full (G1 Compaction Pause) 96M->95M(100M) 79.507ms
[78.409s][info][gc] GC(44) Concurrent Mark Cycle 93.598ms
[78.413s][info][gc] GC(51) Pause Young (Normal) (G1 Preventive Collection) 96M->95M(100M) 0.557ms
[78.416s][info][gc] GC(52) To-space exhausted
[78.416s][info][gc] GC(52) Pause Young (Concurrent Start) (G1 Evacuation Pause) 96M->96M(100M) 1.525ms
[78.416s][info][gc] GC(54) Concurrent Mark Cycle
[78.494s][info][gc] GC(53) Pause Full (G1 Compaction Pause) 96M->95M(100M) 77.419ms
[78.497s][info][gc] GC(54) Concurrent Mark Cycle 80.415ms
[78.501s][info][gc] GC(55) Pause Young (Normal) (G1 Preventive Collection) 96M->96M(100M) 0.603ms
[78.505s][info][gc] GC(56) To-space exhausted
[78.505s][info][gc] GC(56) Pause Young (Concurrent Start) (G1 Evacuation Pause) 97M->97M(100M) 1.596ms
[78.505s][info][gc] GC(58) Concurrent Mark Cycle
[78.584s][info][gc] GC(57) Pause Full (G1 Compaction Pause) 97M->96M(100M) 79.028ms
[78.584s][info][gc] GC(58) Concurrent Mark Cycle 79.184ms
[78.592s][info][gc] GC(59) Pause Young (Normal) (G1 Preventive Collection) 97M->96M(100M) 0.645ms
[78.596s][info][gc] GC(60) To-space exhausted
[78.596s][info][gc] GC(60) Pause Young (Concurrent Start) (G1 Evacuation Pause) 97M->97M(100M) 1.419ms
[78.596s][info][gc] GC(62) Concurrent Mark Cycle
[78.678s][info][gc] GC(61) Pause Full (G1 Compaction Pause) 97M->97M(100M) 82.050ms
[78.679s][info][gc] GC(62) Concurrent Mark Cycle 82.172ms
[78.683s][info][gc] GC(63) To-space exhausted
[78.683s][info][gc] GC(63) Pause Young (Normal) (G1 Evacuation Pause) 98M->98M(100M) 1.141ms
[78.765s][info][gc] GC(64) Pause Full (G1 Compaction Pause) 98M->97M(100M) 81.538ms
[78.773s][info][gc] GC(65) To-space exhausted
[78.773s][info][gc] GC(65) Pause Young (Concurrent Start) (G1 Evacuation Pause) 98M->98M(100M) 1.423ms
[78.773s][info][gc] GC(67) Concurrent Mark Cycle
[78.853s][info][gc] GC(66) Pause Full (G1 Compaction Pause) 98M->97M(100M) 79.938ms
[78.853s][info][gc] GC(67) Concurrent Mark Cycle 80.095ms
[78.863s][info][gc] GC(68) To-space exhausted
[78.863s][info][gc] GC(68) Pause Young (Normal) (G1 Evacuation Pause) 98M->98M(100M) 1.434ms
[78.945s][info][gc] GC(69) Pause Full (G1 Compaction Pause) 98M->97M(100M) 81.277ms
[78.951s][info][gc] GC(70) To-space exhausted
[78.951s][info][gc] GC(70) Pause Young (Concurrent Start) (G1 Evacuation Pause) 98M->98M(100M) 1.307ms
[78.951s][info][gc] GC(72) Concurrent Mark Cycle
[79.031s][info][gc] GC(71) Pause Full (G1 Compaction Pause) 98M->98M(100M) 80.027ms
[79.149s][info][gc] GC(73) Pause Full (G1 Compaction Pause) 98M->98M(100M) 118.260ms
[79.150s][info][gc] GC(72) Concurrent Mark Cycle 198.744ms
[79.150s][info][gc] GC(74) Pause Young (Normal) (G1 Evacuation Pause) 98M->98M(100M) 0.277ms
[79.228s][info][gc] GC(75) Pause Full (G1 Compaction Pause) 98M->98M(100M) 78.108ms
[79.343s][info][gc] GC(76) Pause Full (G1 Compaction Pause) 98M->98M(100M) 114.622ms
[79.344s][info][gc] GC(77) Pause Young (Concurrent Start) (G1 Evacuation Pause) 98M->98M(100M) 0.695ms
[79.344s][info][gc] GC(79) Concurrent Mark Cycle
[79.423s][info][gc] GC(78) Pause Full (G1 Compaction Pause) 98M->98M(100M) 78.517ms
[79.538s][info][gc] GC(80) Pause Full (G1 Compaction Pause) 98M->98M(100M) 114.681ms
[79.538s][info][gc] GC(79) Concurrent Mark Cycle 193.457ms
[79.538s][info][gc] GC(81) Pause Young (Normal) (G1 Evacuation Pause) 98M->98M(100M) 0.275ms
[79.617s][info][gc] GC(82) Pause Full (G1 Compaction Pause) 98M->98M(100M) 78.197ms
[79.737s][info][gc] GC(83) Pause Full (G1 Compaction Pause) 98M->98M(100M) 120.441ms
[79.738s][info][gc] GC(84) Pause Young (Concurrent Start) (G1 Evacuation Pause) 98M->98M(100M) 0.415ms
[79.738s][info][gc] GC(86) Concurrent Mark Cycle
[79.816s][info][gc] GC(85) Pause Full (G1 Compaction Pause) 98M->98M(100M) 78.343ms
[79.935s][info][gc] GC(87) Pause Full (G1 Compaction Pause) 98M->97M(100M) 118.709ms
[79.935s][info][gc] GC(86) Concurrent Mark Cycle 197.373ms
[79.936s][info][gc] GC(88) Pause Young (Normal) (G1 Evacuation Pause) 97M->97M(100M) 0.366ms
[80.015s][info][gc] GC(89) Pause Full (G1 Compaction Pause) 97M->97M(100M) 78.406ms
[80.130s][info][gc] GC(90) Pause Full (G1 Compaction Pause) 97M->97M(100M) 114.946ms
[80.131s][info][gc] GC(91) Pause Young (Concurrent Start) (G1 Evacuation Pause) 97M->97M(100M) 0.385ms
[80.131s][info][gc] GC(93) Concurrent Mark Cycle
[80.209s][info][gc] GC(92) Pause Full (G1 Compaction Pause) 97M->97M(100M) 78.186ms
[80.325s][info][gc] GC(94) Pause Full (G1 Compaction Pause) 97M->97M(100M) 115.359ms
[80.325s][info][gc] GC(93) Concurrent Mark Cycle 193.769ms
[80.325s][info][gc] GC(95) Pause Young (Normal) (G1 Evacuation Pause) 97M->97M(100M) 0.261ms
[80.404s][info][gc] GC(96) Pause Full (G1 Compaction Pause) 97M->97M(100M) 78.585ms
[80.519s][info][gc] GC(97) Pause Full (G1 Compaction Pause) 97M->97M(100M) 114.645ms
[80.520s][info][gc] GC(98) Pause Young (Concurrent Start) (G1 Evacuation Pause) 97M->97M(100M) 0.396ms
[80.520s][info][gc] GC(100) Concurrent Mark Cycle
[80.526s][info][gc] GC(99) Pause Full (G1 Compaction Pause) 97M->4M(100M) 6.801ms
[80.527s][info][gc] GC(100) Concurrent Mark Cycle 6.911ms
